// Jest Snapshot v1, https://goo.gl/fbAQLP

exports[`renders correctly 1`] = `
Array [
  <div
    className="sc-bxivhb hgtYVQ"
  >
    WELCOME TO THE DNDLER
  </div>,
  <div
    className="sc-ifAKCX jQlPKO"
  >
    -How to use the DNDler
  </div>,
  <div
    className="sc-htpNat blZjcx"
  >
    <img
      className="sc-bdVaJa bymLFr"
      onClick={[Function]}
      src="d20.png"
    />
  </div>,
]
`;
