// Jest Snapshot v1, https://goo.gl/fbAQLP

exports[`renders correctly 1`] = `
Array [
  <div
    className="sc-ifAKCX dyThAX"
  >
    WELCOME TO THE DNDLER
  </div>,
  <div
    className="sc-htpNat blZjcx"
  >
    <div
      className="sc-bxivhb esVBWD"
    >
      -How to use the DNDler
    </div>
    <img
      alt="Choose your fate..."
      className="sc-bdVaJa bymLFr"
      onClick={[Function]}
      src="d20.png"
    />
  </div>,
]
`;
