// Jest Snapshot v1, https://goo.gl/fbAQLP

exports[`renders correctly 1`] = `
Array [
  <div
    className="sc-EHOje hRETJx"
  >
    WELCOME TO THE DNDLER
  </div>,
  <div
    className="sc-bxivhb jOxwUP"
  >
    <div
      className="sc-ifAKCX jQlPKO"
    >
      Roll the dice and choose your fate...
    </div>
    <img
      className="sc-bdVaJa juMMxF"
      onClick={[Function]}
      src="d20.png"
    />
  </div>,
]
`;
