// Jest Snapshot v1, https://goo.gl/fbAQLP

exports[`renders correctly 1`] = `
<div
  className="sc-bdVaJa CIYkB"
>
  <p>
    Race: 
    Human
  </p>
  <p>
    Class: 
    Druid
  </p>
  <p>
    Background: 
    Knight
  </p>
  <p>
    Stats: 
    14, 
    11, 
    11, 
    10, 
    12, 
    15
  </p>
  <button
    onClick={[Function]}
  >
    [ROLL AGAIN]
  </button>
</div>
`;
