// Jest Snapshot v1, https://goo.gl/fbAQLP

exports[`renders correctly 1`] = `
<div
  className="sc-bdVaJa CIYkB"
>
  <p>
    Race: 
    Half-Orc
  </p>
  <p>
    Class: 
    Paladin
  </p>
  <p>
    Background: 
    Gladiator
  </p>
  <p>
    Stats: 
    12, 
    12, 
    9, 
    12, 
    16, 
    13
  </p>
  <button
    onClick={[Function]}
  >
    [ROLL AGAIN]
  </button>
</div>
`;
