// Jest Snapshot v1, https://goo.gl/fbAQLP

exports[`renders correctly 1`] = `
<div
  className="sc-bdVaJa CIYkB"
>
  <p>
    Race: 
    Halfling
  </p>
  <p>
    Class: 
    Sorcerer
  </p>
  <p>
    Background: 
    Pirate
  </p>
  <p>
    Stats: 
    16, 
    11, 
    16, 
    12, 
    11, 
    7
  </p>
  <button
    onClick={[Function]}
  >
    [ROLL AGAIN]
  </button>
</div>
`;
